// Jest Snapshot v1, https://goo.gl/fbAQLP

exports[`renders portal with siblings 1`] = `
<View
  pointerEvents="box-none"
  style={
    Array [
      Object {
        "flex": 1,
      },
      undefined,
    ]
  }
>
  <View
    collapsable={false}
    pointerEvents="box-none"
    style={
      Object {
        "bottom": 0,
        "left": 0,
        "position": "absolute",
        "right": 0,
        "top": 0,
      }
    }
  />
</View>
`;
